<testsuites id="" name="" tests="129" failures="26" skipped="0" errors="0" time="498.286568">
<testsuite name="00_HomePage.spec.js" timestamp="2025-05-20T22:39:48.799Z" hostname="chromium" tests="2" failures="0" skipped="0" time="22.23" errors="0">
<testcase name="Checking Browser Title" classname="00_HomePage.spec.js" time="7.962">
<system-out>
<![CDATA[Page Title is ..... :  STORE
]]>
</system-out>
</testcase>
<testcase name="Checking Browser URL" classname="00_HomePage.spec.js" time="14.268">
<system-out>
<![CDATA[Page URL is ..... :  https://www.hollandandbarrett.com/
]]>
</system-out>
</testcase>
</testsuite>
<testsuite name="00_Practice.spec.js" timestamp="2025-05-20T22:39:48.799Z" hostname="chromium" tests="2" failures="0" skipped="0" time="13.622" errors="0">
<testcase name="Checking Browser Title" classname="00_Practice.spec.js" time="6.249">
<system-out>
<![CDATA[Page Title is ..... :  WordPress Themes & Website Templates from ThemeForest
]]>
</system-out>
</testcase>
<testcase name="Checking Browser URL" classname="00_Practice.spec.js" time="7.373">
<system-out>
<![CDATA[Page URL is ..... :  https://themeforest.net/
]]>
</system-out>
</testcase>
</testsuite>
<testsuite name="Assertions.spec.js" timestamp="2025-05-20T22:39:48.799Z" hostname="chromium" tests="1" failures="0" skipped="0" time="8.383" errors="0">
<testcase name="Assertion Test" classname="Assertions.spec.js" time="8.383">
</testcase>
</testsuite>
<testsuite name="AutoSuggestDropdown.spec.js" timestamp="2025-05-20T22:39:48.799Z" hostname="chromium" tests="1" failures="0" skipped="0" time="15.576" errors="0">
<testcase name="AutoSuggest DropDown - Google Search" classname="AutoSuggestDropdown.spec.js" time="15.576">
<system-out>
<![CDATA[text:  playwright
text:  playwright automation
text:  playwright tutorial
]]>
</system-out>
</testcase>
</testsuite>
<testsuite name="BootstrapDropdown.spec.js" timestamp="2025-05-20T22:39:48.799Z" hostname="chromium" tests="1" failures="0" skipped="0" time="14.909" errors="0">
<testcase name="Bootstrap Dropdown Test" classname="BootstrapDropdown.spec.js" time="14.909">
<system-out>
<![CDATA[ Web Development
 jQuery
 Bootstrap
 HTML
 CSS
 Angular
 Programming Languages
 Java
 C#
 Python
 Databases
 MySQL
 Oracle
 MS SQL Server
 Web Development
 jQuery
 Bootstrap
 HTML
 CSS
 Angular
 Programming Languages
 Java
 C#
 Python
 Databases
 MySQL
 Oracle
 MS SQL Server
]]>
</system-out>
</testcase>
</testsuite>
<testsuite name="BuiltinLocators.spec.js" timestamp="2025-05-20T22:39:48.799Z" hostname="chromium" tests="1" failures="0" skipped="0" time="12.655" errors="0">
<testcase name="Builtin Locators Test" classname="BuiltinLocators.spec.js" time="12.655">
</testcase>
</testsuite>
<testsuite name="BuiltinPractice.spec.js" timestamp="2025-05-20T22:39:48.799Z" hostname="chromium" tests="1" failures="1" skipped="0" time="30.143" errors="0">
<testcase name="Opencart Resgister" classname="BuiltinPractice.spec.js" time="30.143">
<failure message="BuiltinPractice.spec.js:3:5 Opencart Resgister" type="FAILURE">
<![CDATA[  [chromium] › BuiltinPractice.spec.js:3:5 › Opencart Resgister ────────────────────────────────────

    Test timeout of 30000ms exceeded.

    Error: locator.fill: Test timeout of 30000ms exceeded.
    Call log:
      - waiting for getByPlaceholder('First name')


       8 |
       9 |
    > 10 |     await page.getByPlaceholder('First name').fill('F')
         |                                               ^
      11 |     await page.getByPlaceholder('Last name').fill('H')
      12 |     await page.getByPlaceholder('Email').fill('fhgggg@gmail.com')
      13 |     await page.getByPlaceholder('Password').fill('Fh@12345')
        at C:\PlaywrightTrainingAscendion\tests\BuiltinPractice.spec.js:10:47

    Error Context: ..\test-results\BuiltinPractice-Opencart-Resgister-chromium\error-context.md
]]>
</failure>
<system-out>
<![CDATA[
[[ATTACHMENT|test-results\BuiltinPractice-Opencart-Resgister-chromium\error-context.md]]
]]>
</system-out>
</testcase>
</testsuite>
<testsuite name="Checkboxes.spec.js" timestamp="2025-05-20T22:39:48.799Z" hostname="chromium" tests="1" failures="0" skipped="0" time="25.479" errors="0">
<testcase name="Checkboxes – In Playwright" classname="Checkboxes.spec.js" time="25.479">
</testcase>
</testsuite>
<testsuite name="DropdownsTest.spec.js" timestamp="2025-05-20T22:39:48.799Z" hostname="chromium" tests="1" failures="0" skipped="0" time="8.16" errors="0">
<testcase name="Dropdown Test" classname="DropdownsTest.spec.js" time="8.16">
<system-out>
<![CDATA[
        United States
      

        Canada
      

        United Kingdom
      

        Germany
      

        France
      

        Australia
      

        Japan
      

        China
      

        Brazil
      

        India
      
]]>
</system-out>
</testcase>
</testsuite>
<testsuite name="EasyCalculation.spec.js" timestamp="2025-05-20T22:39:48.799Z" hostname="chromium" tests="1" failures="1" skipped="0" time="60.087" errors="0">
<testcase name="Easy Calculation Test" classname="EasyCalculation.spec.js" time="60.087">
<failure message="EasyCalculation.spec.js:6:5 Easy Calculation Test" type="FAILURE">
<![CDATA[  [chromium] › EasyCalculation.spec.js:6:5 › Easy Calculation Test ─────────────────────────────────

    Test timeout of 60000ms exceeded.

    Error: page.waitForSelector: Test timeout of 60000ms exceeded.
    Call log:
      - waiting for locator('//*[@id="rso"]/div[1]/div/div/div/div/div/div/div/div[1]/div/span/a/h3') to be visible


      24 |     // }
      25 |
    > 26 |     const firstLink = await page.waitForSelector('//*[@id="rso"]/div[1]/div/div/div/div/div/div/div/div[1]/div/span/a/h3');
         |                                  ^
      27 |     await firstLink.click();
      28 |
      29 |     const searchBox = await page.locator('#googleSearchId');
        at C:\PlaywrightTrainingAscendion\tests\EasyCalculation.spec.js:26:34

    Error Context: ..\test-results\EasyCalculation-Easy-Calculation-Test-chromium\error-context.md
]]>
</failure>
<system-out>
<![CDATA[[33m3[39m

[[ATTACHMENT|test-results\EasyCalculation-Easy-Calculation-Test-chromium\error-context.md]]
]]>
</system-out>
</testcase>
</testsuite>
<testsuite name="example.spec.js" timestamp="2025-05-20T22:39:48.799Z" hostname="chromium" tests="2" failures="0" skipped="0" time="4.33" errors="0">
<testcase name="has title" classname="example.spec.js" time="2.278">
</testcase>
<testcase name="get started link" classname="example.spec.js" time="2.052">
</testcase>
</testsuite>
<testsuite name="FBDropdowns.spec.js" timestamp="2025-05-20T22:39:48.799Z" hostname="chromium" tests="1" failures="0" skipped="0" time="9.911" errors="0">
<testcase name="Dropdown FB Test" classname="FBDropdowns.spec.js" time="9.911">
<system-out>
<![CDATA[[33m31[39m
1
2
3
4
5
6
7
8
9
10
11
12
13
14
15
16
17
18
19
20
21
22
23
24
25
26
27
28
29
30
31
[33m12[39m
Jan
Feb
Mar
Apr
May
Jun
Jul
Aug
Sep
Oct
Nov
Dec
[33m121[39m
2025
2024
2023
2022
2021
2020
2019
2018
2017
2016
2015
2014
2013
2012
2011
2010
2009
2008
2007
2006
2005
2004
2003
2002
2001
2000
1999
1998
1997
1996
1995
1994
1993
1992
1991
1990
1989
1988
1987
1986
1985
1984
1983
1982
1981
1980
1979
1978
1977
1976
1975
1974
1973
1972
1971
1970
1969
1968
1967
1966
1965
1964
1963
1962
1961
1960
1959
1958
1957
1956
1955
1954
1953
1952
1951
1950
1949
1948
1947
1946
1945
1944
1943
1942
1941
1940
1939
1938
1937
1936
1935
1934
1933
1932
1931
1930
1929
1928
1927
1926
1925
1924
1923
1922
1921
1920
1919
1918
1917
1916
1915
1914
1913
1912
1911
1910
1909
1908
1907
1906
1905
]]>
</system-out>
</testcase>
</testsuite>
<testsuite name="HiddenDropdown.spec.js" timestamp="2025-05-20T22:39:48.799Z" hostname="chromium" tests="1" failures="0" skipped="0" time="15.717" errors="0">
<testcase name="Hidden Dropdown Test" classname="HiddenDropdown.spec.js" time="15.717">
<system-out>
<![CDATA[text:  Account Assistant
text:  Automaton Tester
text:  Chief Executive Officer
text:  Chief Financial Officer
text:  Chief Technical Officer
text:  Content Specialist
text:  Customer Success Manager
text:  Database Administrator
text:  fhMaCjFWis
text:  Finance Manager
text:  Financial Analyst
text:  Head of Support
text:  HR Associate
text:  HR Manager
text:  IT Manager
text:  Network Administrator
text:  Payroll Administrator
text:  Pre-Sales Coordinator
text:  QA Engineer
text:  QA Lead
text:  qwer
text:  rsjsrii
text:  Sales Representative
text:  Social Media Marketer
text:  Software Architect
text:  Software Engineer
text:  Support Specialist
text:  VP - Client Services
text:  VP - Sales & Marketing
]]>
</system-out>
</testcase>
</testsuite>
<testsuite name="iFrameTestDemo.spec.js" timestamp="2025-05-20T22:39:48.799Z" hostname="chromium" tests="1" failures="0" skipped="0" time="8.979" errors="0">
<testcase name="Handle iframes in Playwright - Drag &amp; Drop" classname="iFrameTestDemo.spec.js" time="8.979">
</testcase>
</testsuite>
<testsuite name="LinksAndProductsTest.spec.js" timestamp="2025-05-20T22:39:48.799Z" hostname="chromium" tests="2" failures="0" skipped="0" time="9.994" errors="0">
<testcase name="Links and Products Test" classname="LinksAndProductsTest.spec.js" time="7.503">
<system-out>
<![CDATA[Samsung galaxy s6
Nokia lumia 1520
Nexus 6
Samsung galaxy s7
Iphone 6 32gb
Sony xperia z5
HTC One M9
Sony vaio i5
]]>
</system-out>
</testcase>
<testcase name="Links Test" classname="LinksAndProductsTest.spec.js" time="2.491">
<system-out>
<![CDATA[
      PRODUCT STORE
Home (current)
Contact
About us
Cart
Log in
Log out

Sign up

          
          Previous
        

          
          Next
        
CATEGORIES
Phones
Laptops
Monitors
]]>
</system-out>
</testcase>
</testsuite>
<testsuite name="MultiSelectDropdown.spec.js" timestamp="2025-05-20T22:39:48.799Z" hostname="chromium" tests="1" failures="0" skipped="0" time="7.489" errors="0">
<testcase name="Multi Select Dropdown Test" classname="MultiSelectDropdown.spec.js" time="7.489">
<system-out>
<![CDATA[
        Red
      

        Blue
      

        Green
      

        Yellow
      
]]>
</system-out>
</testcase>
</testsuite>
<testsuite name="PlaywrightLocatorsTest.spec.js" timestamp="2025-05-20T22:39:48.799Z" hostname="chromium" tests="1" failures="0" skipped="0" time="5.672" errors="0">
<testcase name="Playwright Locators Test" classname="PlaywrightLocatorsTest.spec.js" time="5.672">
</testcase>
</testsuite>
<testsuite name="PopupAlerts.spec.js" timestamp="2025-05-20T22:39:48.799Z" hostname="chromium" tests="3" failures="0" skipped="0" time="14.695" errors="0">
<testcase name="JavaScript Alert, Confirm, Prompt in Playwright › JS Alert – validate alert text and click OK" classname="PopupAlerts.spec.js" time="4.034">
</testcase>
<testcase name="JavaScript Alert, Confirm, Prompt in Playwright › JS Confirm – click Cancel and verify result" classname="PopupAlerts.spec.js" time="5.658">
</testcase>
<testcase name="JavaScript Alert, Confirm, Prompt in Playwright › JS Prompt – enter text, click OK, and validate" classname="PopupAlerts.spec.js" time="5.003">
</testcase>
</testsuite>
<testsuite name="PopupsDemo.spec.js" timestamp="2025-05-20T22:39:48.799Z" hostname="chromium" tests="1" failures="0" skipped="0" time="7.673" errors="0">
<testcase name="PopUps Demo Playwright" classname="PopupsDemo.spec.js" time="7.673">
<system-out>
<![CDATA[clicking "OK" to Are you sure you want to clear your cart?
items in cart: null
]]>
</system-out>
</testcase>
</testsuite>
<testsuite name="Practice2.spec.js" timestamp="2025-05-20T22:39:48.799Z" hostname="chromium" tests="4" failures="0" skipped="0" time="26.959" errors="0">
<testcase name="Login Test - Practice Expand Testing" classname="Practice2.spec.js" time="10.062">
</testcase>
<testcase name="Checking Browser Title and URL - Practice Expand Testing" classname="Practice2.spec.js" time="9.454">
</testcase>
<testcase name="Login Test - Practice Test Automation" classname="Practice2.spec.js" time="4.877">
</testcase>
<testcase name="Checking Browser Title and URL - Practice Test Automation" classname="Practice2.spec.js" time="2.566">
</testcase>
</testsuite>
<testsuite name="RadioButtonCount.spec.js" timestamp="2025-05-20T22:39:48.799Z" hostname="chromium" tests="2" failures="0" skipped="0" time="11.446" errors="0">
<testcase name="radio button count 1" classname="RadioButtonCount.spec.js" time="5.765">
<system-out>
<![CDATA[Radio Button Count: 2
]]>
</system-out>
</testcase>
<testcase name="radio button count 2" classname="RadioButtonCount.spec.js" time="5.681">
<system-out>
<![CDATA[Radio Button Count: 3
]]>
</system-out>
</testcase>
</testsuite>
<testsuite name="RadioButtonDemo.spec.js" timestamp="2025-05-20T22:39:48.799Z" hostname="chromium" tests="1" failures="0" skipped="0" time="8.809" errors="0">
<testcase name="Radio Button Test" classname="RadioButtonDemo.spec.js" time="8.809">
</testcase>
</testsuite>
<testsuite name="ReddifAlerts.spec.js" timestamp="2025-05-20T22:39:48.799Z" hostname="chromium" tests="2" failures="0" skipped="0" time="9.391" errors="0">
<testcase name="Reddif Login - Password Alert" classname="ReddifAlerts.spec.js" time="5.786">
<system-out>
<![CDATA[Leaving password empty shows alert: Please enter your password
]]>
</system-out>
</testcase>
<testcase name="Reddif Login - Username Alert" classname="ReddifAlerts.spec.js" time="3.605">
<system-out>
<![CDATA[Leaving username empty shows alert: Please enter a valid user name
]]>
</system-out>
</testcase>
</testsuite>
<testsuite name="Reports.spec.js" timestamp="2025-05-20T22:39:48.799Z" hostname="chromium" tests="3" failures="0" skipped="0" time="14.892" errors="0">
<testcase name="Test1" classname="Reports.spec.js" time="4.332">
</testcase>
<testcase name="Test2" classname="Reports.spec.js" time="4.997">
</testcase>
<testcase name="Test3" classname="Reports.spec.js" time="5.563">
</testcase>
</testsuite>
<testsuite name="Screenshots.spec.js" timestamp="2025-05-20T22:39:48.799Z" hostname="chromium" tests="3" failures="0" skipped="0" time="10.675" errors="0">
<testcase name="Page screenshot" classname="Screenshots.spec.js" time="2.65">
</testcase>
<testcase name="Full page screenshot" classname="Screenshots.spec.js" time="3.664">
</testcase>
<testcase name="Element screenshot" classname="Screenshots.spec.js" time="4.361">
</testcase>
</testsuite>
<testsuite name="YoutubeScreenshot.spec.js" timestamp="2025-05-20T22:39:48.799Z" hostname="chromium" tests="3" failures="0" skipped="0" time="31.793" errors="0">
<testcase name="YPage screenshot" classname="YoutubeScreenshot.spec.js" time="10.47">
</testcase>
<testcase name="YFull page screenshot" classname="YoutubeScreenshot.spec.js" time="11.491">
</testcase>
<testcase name="YElement screenshot" classname="YoutubeScreenshot.spec.js" time="9.832">
</testcase>
</testsuite>
<testsuite name="00_HomePage.spec.js" timestamp="2025-05-20T22:39:48.799Z" hostname="firefox" tests="2" failures="0" skipped="0" time="19.253" errors="0">
<testcase name="Checking Browser Title" classname="00_HomePage.spec.js" time="5.908">
<system-out>
<![CDATA[Page Title is ..... :  STORE
]]>
</system-out>
</testcase>
<testcase name="Checking Browser URL" classname="00_HomePage.spec.js" time="13.345">
<system-out>
<![CDATA[Page URL is ..... :  https://www.hollandandbarrett.com/
]]>
</system-out>
</testcase>
</testsuite>
<testsuite name="00_Practice.spec.js" timestamp="2025-05-20T22:39:48.799Z" hostname="firefox" tests="2" failures="0" skipped="0" time="24.035" errors="0">
<testcase name="Checking Browser Title" classname="00_Practice.spec.js" time="10.908">
<system-out>
<![CDATA[Page Title is ..... :  WordPress Themes & Website Templates from ThemeForest
]]>
</system-out>
</testcase>
<testcase name="Checking Browser URL" classname="00_Practice.spec.js" time="13.127">
<system-out>
<![CDATA[Page URL is ..... :  https://themeforest.net/
]]>
</system-out>
</testcase>
</testsuite>
<testsuite name="Assertions.spec.js" timestamp="2025-05-20T22:39:48.799Z" hostname="firefox" tests="1" failures="1" skipped="0" time="35.083" errors="0">
<testcase name="Assertion Test" classname="Assertions.spec.js" time="35.083">
<failure message="Assertions.spec.js:3:5 Assertion Test" type="FAILURE">
<![CDATA[  [firefox] › Assertions.spec.js:3:5 › Assertion Test ──────────────────────────────────────────────

    Test timeout of 30000ms exceeded.

    Error: page.goto: Test timeout of 30000ms exceeded.
    Call log:
      - navigating to "https://demo.nopcommerce.com/register", waiting until "load"


      2 |
      3 | test('Assertion Test', async ({page}) => {
    > 4 |     await page.goto('https://demo.nopcommerce.com/register')
        |                ^
      5 |     await expect(page).toHaveURL('https://demo.nopcommerce.com/register') //URL
      6 |     await expect(page).toHaveTitle('nopCommerce demo store. Register') //Title
      7 |     await expect(page.getByAltText('nopCommerce demo store')).toBeVisible() //Visible
        at C:\PlaywrightTrainingAscendion\tests\Assertions.spec.js:4:16

    Error Context: ..\test-results\Assertions-Assertion-Test-firefox\error-context.md
]]>
</failure>
<system-out>
<![CDATA[
[[ATTACHMENT|test-results\Assertions-Assertion-Test-firefox\error-context.md]]
]]>
</system-out>
</testcase>
</testsuite>
<testsuite name="AutoSuggestDropdown.spec.js" timestamp="2025-05-20T22:39:48.799Z" hostname="firefox" tests="1" failures="1" skipped="0" time="35.09" errors="0">
<testcase name="AutoSuggest DropDown - Google Search" classname="AutoSuggestDropdown.spec.js" time="35.09">
<failure message="AutoSuggestDropdown.spec.js:3:5 AutoSuggest DropDown - Google Search" type="FAILURE">
<![CDATA[  [firefox] › AutoSuggestDropdown.spec.js:3:5 › AutoSuggest DropDown - Google Search ───────────────

    Test timeout of 30000ms exceeded.

    Error: page.goto: Test timeout of 30000ms exceeded.
    Call log:
      - navigating to "https://www.google.com/", waiting until "load"


      2 |  
      3 | test('AutoSuggest DropDown - Google Search', async ({ page }) => {
    > 4 | await page.goto('https://www.google.com/')
        |            ^
      5 |   await page.fill("#APjFqb", "playwright")
      6 |   //await page.locator('#APjFqb').pressSequentially('selenium',{delay:500})
      7 |   await page.waitForSelector("//div[@class='wM6W7d']/span")
        at C:\PlaywrightTrainingAscendion\tests\AutoSuggestDropdown.spec.js:4:12

    Error Context: ..\test-results\AutoSuggestDropdown-AutoSuggest-DropDown---Google-Search-firefox\error-context.md
]]>
</failure>
<system-out>
<![CDATA[
[[ATTACHMENT|test-results\AutoSuggestDropdown-AutoSuggest-DropDown---Google-Search-firefox\error-context.md]]
]]>
</system-out>
</testcase>
</testsuite>
<testsuite name="BootstrapDropdown.spec.js" timestamp="2025-05-20T22:39:48.799Z" hostname="firefox" tests="1" failures="1" skipped="0" time="33.809" errors="0">
<testcase name="Bootstrap Dropdown Test" classname="BootstrapDropdown.spec.js" time="33.809">
<failure message="BootstrapDropdown.spec.js:2:5 Bootstrap Dropdown Test" type="FAILURE">
<![CDATA[  [firefox] › BootstrapDropdown.spec.js:2:5 › Bootstrap Dropdown Test ──────────────────────────────

    Test timeout of 30000ms exceeded.

    Error: page.goto: Test timeout of 30000ms exceeded.
    Call log:
      - navigating to "https://www.jquery-az.com/boots/demo.php?ex=63.0_2", waiting until "load"


      1 | import {test, expect} from '@playwright/test'
      2 | test('Bootstrap Dropdown Test', async ({ page }) => {
    > 3 | await page.goto('https://www.jquery-az.com/boots/demo.php?ex=63.0_2');
        |            ^
      4 | await page.click('.multiselect-selected-text');
      5 |  
      6 | const count = await page.$$('.multiselect-container.dropdown-menu li input');
        at C:\PlaywrightTrainingAscendion\tests\BootstrapDropdown.spec.js:3:12

    Error Context: ..\test-results\BootstrapDropdown-Bootstrap-Dropdown-Test-firefox\error-context.md
]]>
</failure>
<system-out>
<![CDATA[
[[ATTACHMENT|test-results\BootstrapDropdown-Bootstrap-Dropdown-Test-firefox\error-context.md]]
]]>
</system-out>
</testcase>
</testsuite>
<testsuite name="BuiltinLocators.spec.js" timestamp="2025-05-20T22:39:48.799Z" hostname="firefox" tests="1" failures="0" skipped="0" time="23.029" errors="0">
<testcase name="Builtin Locators Test" classname="BuiltinLocators.spec.js" time="23.029">
</testcase>
</testsuite>
<testsuite name="BuiltinPractice.spec.js" timestamp="2025-05-20T22:39:48.799Z" hostname="firefox" tests="1" failures="1" skipped="0" time="30.254" errors="0">
<testcase name="Opencart Resgister" classname="BuiltinPractice.spec.js" time="30.254">
<failure message="BuiltinPractice.spec.js:3:5 Opencart Resgister" type="FAILURE">
<![CDATA[  [firefox] › BuiltinPractice.spec.js:3:5 › Opencart Resgister ─────────────────────────────────────

    Test timeout of 30000ms exceeded.

    Error: locator.fill: Test timeout of 30000ms exceeded.
    Call log:
      - waiting for getByPlaceholder('First name')


       8 |
       9 |
    > 10 |     await page.getByPlaceholder('First name').fill('F')
         |                                               ^
      11 |     await page.getByPlaceholder('Last name').fill('H')
      12 |     await page.getByPlaceholder('Email').fill('fhgggg@gmail.com')
      13 |     await page.getByPlaceholder('Password').fill('Fh@12345')
        at C:\PlaywrightTrainingAscendion\tests\BuiltinPractice.spec.js:10:47

    Error Context: ..\test-results\BuiltinPractice-Opencart-Resgister-firefox\error-context.md
]]>
</failure>
<system-out>
<![CDATA[
[[ATTACHMENT|test-results\BuiltinPractice-Opencart-Resgister-firefox\error-context.md]]
]]>
</system-out>
</testcase>
</testsuite>
<testsuite name="Checkboxes.spec.js" timestamp="2025-05-20T22:39:48.799Z" hostname="firefox" tests="1" failures="1" skipped="0" time="30.125" errors="0">
<testcase name="Checkboxes – In Playwright" classname="Checkboxes.spec.js" time="30.125">
<failure message="Checkboxes.spec.js:4:1 Checkboxes – In Playwright" type="FAILURE">
<![CDATA[  [firefox] › Checkboxes.spec.js:4:1 › Checkboxes – In Playwright ──────────────────────────────────

    Test timeout of 30000ms exceeded.

    Error: page.goto: Test timeout of 30000ms exceeded.
    Call log:
      - navigating to "https://testautomationpractice.blogspot.com/", waiting until "load"


      3 |  
      4 | test('Checkboxes – In Playwright', async ({ page }) => {
    > 5 | await page.goto('https://testautomationpractice.blogspot.com/');
        |            ^
      6 |   
      7 |   // Check and verify Sunday
      8 |   await page.locator('#sunday').check();
        at C:\PlaywrightTrainingAscendion\tests\Checkboxes.spec.js:5:12

    Error Context: ..\test-results\Checkboxes-Checkboxes-–-In-Playwright-firefox\error-context.md
]]>
</failure>
<system-out>
<![CDATA[
[[ATTACHMENT|test-results\Checkboxes-Checkboxes-–-In-Playwright-firefox\error-context.md]]
]]>
</system-out>
</testcase>
</testsuite>
<testsuite name="DropdownsTest.spec.js" timestamp="2025-05-20T22:39:48.799Z" hostname="firefox" tests="1" failures="1" skipped="0" time="30.924" errors="0">
<testcase name="Dropdown Test" classname="DropdownsTest.spec.js" time="30.924">
<failure message="DropdownsTest.spec.js:3:5 Dropdown Test" type="FAILURE">
<![CDATA[  [firefox] › DropdownsTest.spec.js:3:5 › Dropdown Test ────────────────────────────────────────────

    Test timeout of 30000ms exceeded.

    Error: page.goto: Test timeout of 30000ms exceeded.
    Call log:
      - navigating to "https://testautomationpractice.blogspot.com/", waiting until "load"


      2 |
      3 | test('Dropdown Test', async({page}) => {
    > 4 |     await page.goto('https://testautomationpractice.blogspot.com/');
        |                ^
      5 |  
      6 |   // Select options from dropdown using different methods
      7 |   await page.selectOption('#country', 'India');
        at C:\PlaywrightTrainingAscendion\tests\DropdownsTest.spec.js:4:16

    Error Context: ..\test-results\DropdownsTest-Dropdown-Test-firefox\error-context.md
]]>
</failure>
<system-out>
<![CDATA[
[[ATTACHMENT|test-results\DropdownsTest-Dropdown-Test-firefox\error-context.md]]
]]>
</system-out>
</testcase>
</testsuite>
<testsuite name="EasyCalculation.spec.js" timestamp="2025-05-20T22:39:48.799Z" hostname="firefox" tests="1" failures="1" skipped="0" time="60.681" errors="0">
<testcase name="Easy Calculation Test" classname="EasyCalculation.spec.js" time="60.681">
<failure message="EasyCalculation.spec.js:6:5 Easy Calculation Test" type="FAILURE">
<![CDATA[  [firefox] › EasyCalculation.spec.js:6:5 › Easy Calculation Test ──────────────────────────────────

    Test timeout of 60000ms exceeded.

    Error: page.goto: Test timeout of 60000ms exceeded.
    Call log:
      - navigating to "https://www.google.com/", waiting until "load"


       5 |
       6 | test('Easy Calculation Test', async ({ page }) => {
    >  7 |     await page.goto('https://www.google.com/');
         |                ^
       8 |
       9 |     await page.fill("#APjFqb", "EasyCalculation");
      10 |
        at C:\PlaywrightTrainingAscendion\tests\EasyCalculation.spec.js:7:16

    Error Context: ..\test-results\EasyCalculation-Easy-Calculation-Test-firefox\error-context.md
]]>
</failure>
<system-out>
<![CDATA[
[[ATTACHMENT|test-results\EasyCalculation-Easy-Calculation-Test-firefox\error-context.md]]
]]>
</system-out>
</testcase>
</testsuite>
<testsuite name="example.spec.js" timestamp="2025-05-20T22:39:48.799Z" hostname="firefox" tests="2" failures="0" skipped="0" time="20.304" errors="0">
<testcase name="has title" classname="example.spec.js" time="8.806">
</testcase>
<testcase name="get started link" classname="example.spec.js" time="11.498">
</testcase>
</testsuite>
<testsuite name="FBDropdowns.spec.js" timestamp="2025-05-20T22:39:48.799Z" hostname="firefox" tests="1" failures="1" skipped="0" time="30.974" errors="0">
<testcase name="Dropdown FB Test" classname="FBDropdowns.spec.js" time="30.974">
<failure message="FBDropdowns.spec.js:3:5 Dropdown FB Test" type="FAILURE">
<![CDATA[  [firefox] › FBDropdowns.spec.js:3:5 › Dropdown FB Test ───────────────────────────────────────────

    Test timeout of 30000ms exceeded.

    Error: page.goto: Test timeout of 30000ms exceeded.
    Call log:
      - navigating to "https://www.facebook.com/r.php?entry_point=login", waiting until "load"


      2 |
      3 | test('Dropdown FB Test', async ({page}) => {
    > 4 |     await page.goto('https://www.facebook.com/r.php?entry_point=login')
        |                ^
      5 |
      6 |     
      7 |     const days = await page.$$('#day option')
        at C:\PlaywrightTrainingAscendion\tests\FBDropdowns.spec.js:4:16

    Error Context: ..\test-results\FBDropdowns-Dropdown-FB-Test-firefox\error-context.md
]]>
</failure>
<system-out>
<![CDATA[
[[ATTACHMENT|test-results\FBDropdowns-Dropdown-FB-Test-firefox\error-context.md]]
]]>
</system-out>
</testcase>
</testsuite>
<testsuite name="HiddenDropdown.spec.js" timestamp="2025-05-20T22:39:48.799Z" hostname="firefox" tests="1" failures="1" skipped="0" time="32.819" errors="0">
<testcase name="Hidden Dropdown Test" classname="HiddenDropdown.spec.js" time="32.819">
<failure message="HiddenDropdown.spec.js:3:5 Hidden Dropdown Test" type="FAILURE">
<![CDATA[  [firefox] › HiddenDropdown.spec.js:3:5 › Hidden Dropdown Test ────────────────────────────────────

    Test timeout of 30000ms exceeded.
]]>
</failure>
<system-out>
<![CDATA[text:  Account Assistant
text:  Automaton Tester
text:  Chief Executive Officer
text:  Chief Financial Officer
text:  Chief Technical Officer
text:  Content Specialist
text:  Customer Success Manager
text:  Database Administrator
text:  fhMaCjFWis
text:  Finance Manager
text:  Financial Analyst
text:  Head of Support
text:  HR Associate
text:  HR Manager
text:  IT Manager
text:  Network Administrator
text:  Payroll Administrator
text:  Pre-Sales Coordinator
text:  QA Engineer
text:  QA Lead
text:  qwer
text:  rsjsrii
text:  Sales Representative
text:  Social Media Marketer
text:  Software Architect
text:  Software Engineer
text:  Support Specialist
text:  VP - Client Services
text:  VP - Sales & Marketing
]]>
</system-out>
</testcase>
</testsuite>
<testsuite name="iFrameTestDemo.spec.js" timestamp="2025-05-20T22:39:48.799Z" hostname="firefox" tests="1" failures="0" skipped="0" time="13.641" errors="0">
<testcase name="Handle iframes in Playwright - Drag &amp; Drop" classname="iFrameTestDemo.spec.js" time="13.641">
</testcase>
</testsuite>
<testsuite name="LinksAndProductsTest.spec.js" timestamp="2025-05-20T22:39:48.799Z" hostname="firefox" tests="2" failures="0" skipped="0" time="19.63" errors="0">
<testcase name="Links and Products Test" classname="LinksAndProductsTest.spec.js" time="13.831">
<system-out>
<![CDATA[Samsung galaxy s6
Nokia lumia 1520
Nexus 6
Samsung galaxy s7
Iphone 6 32gb
Sony xperia z5
HTC One M9
Sony vaio i5
]]>
</system-out>
</testcase>
<testcase name="Links Test" classname="LinksAndProductsTest.spec.js" time="5.799">
<system-out>
<![CDATA[
      PRODUCT STORE
Home (current)
Contact
About us
Cart
Log in
Log out

Sign up

          
          Previous
        

          
          Next
        
CATEGORIES
Phones
Laptops
Monitors
]]>
</system-out>
</testcase>
</testsuite>
<testsuite name="MultiSelectDropdown.spec.js" timestamp="2025-05-20T22:39:48.799Z" hostname="firefox" tests="1" failures="1" skipped="0" time="30.176" errors="0">
<testcase name="Multi Select Dropdown Test" classname="MultiSelectDropdown.spec.js" time="30.176">
<failure message="MultiSelectDropdown.spec.js:3:5 Multi Select Dropdown Test" type="FAILURE">
<![CDATA[  [firefox] › MultiSelectDropdown.spec.js:3:5 › Multi Select Dropdown Test ─────────────────────────

    Test timeout of 30000ms exceeded.

    Error: page.goto: Test timeout of 30000ms exceeded.
    Call log:
      - navigating to "https://testautomationpractice.blogspot.com/", waiting until "load"


      2 |  
      3 | test('Multi Select Dropdown Test', async ({ page }) => {
    > 4 | await page.goto('https://testautomationpractice.blogspot.com/')
        |            ^
      5 |   await page.selectOption('#colors', ['Red', 'Blue', 'Green', 'Yellow'])
      6 |  
      7 |   const options = await page.$$("//select[@id='colors']/option")
        at C:\PlaywrightTrainingAscendion\tests\MultiSelectDropdown.spec.js:4:12

    Error Context: ..\test-results\MultiSelectDropdown-Multi-Select-Dropdown-Test-firefox\error-context.md
]]>
</failure>
<system-out>
<![CDATA[
[[ATTACHMENT|test-results\MultiSelectDropdown-Multi-Select-Dropdown-Test-firefox\error-context.md]]
]]>
</system-out>
</testcase>
</testsuite>
<testsuite name="PlaywrightLocatorsTest.spec.js" timestamp="2025-05-20T22:39:48.799Z" hostname="firefox" tests="1" failures="0" skipped="0" time="10.442" errors="0">
<testcase name="Playwright Locators Test" classname="PlaywrightLocatorsTest.spec.js" time="10.442">
</testcase>
</testsuite>
<testsuite name="PopupAlerts.spec.js" timestamp="2025-05-20T22:39:48.799Z" hostname="firefox" tests="3" failures="0" skipped="0" time="20.988" errors="0">
<testcase name="JavaScript Alert, Confirm, Prompt in Playwright › JS Alert – validate alert text and click OK" classname="PopupAlerts.spec.js" time="7.037">
</testcase>
<testcase name="JavaScript Alert, Confirm, Prompt in Playwright › JS Confirm – click Cancel and verify result" classname="PopupAlerts.spec.js" time="5.165">
</testcase>
<testcase name="JavaScript Alert, Confirm, Prompt in Playwright › JS Prompt – enter text, click OK, and validate" classname="PopupAlerts.spec.js" time="8.786">
</testcase>
</testsuite>
<testsuite name="PopupsDemo.spec.js" timestamp="2025-05-20T22:39:48.799Z" hostname="firefox" tests="1" failures="0" skipped="0" time="9.464" errors="0">
<testcase name="PopUps Demo Playwright" classname="PopupsDemo.spec.js" time="9.464">
<system-out>
<![CDATA[clicking "OK" to Are you sure you want to clear your cart?
items in cart: null
]]>
</system-out>
</testcase>
</testsuite>
<testsuite name="Practice2.spec.js" timestamp="2025-05-20T22:39:48.799Z" hostname="firefox" tests="4" failures="2" skipped="0" time="84.201" errors="0">
<testcase name="Login Test - Practice Expand Testing" classname="Practice2.spec.js" time="35.2">
<failure message="Practice2.spec.js:3:5 Login Test - Practice Expand Testing" type="FAILURE">
<![CDATA[  [firefox] › Practice2.spec.js:3:5 › Login Test - Practice Expand Testing ─────────────────────────

    Test timeout of 30000ms exceeded.

    Error: page.goto: Test timeout of 30000ms exceeded.
    Call log:
      - navigating to "https://practice.expandtesting.com/login", waiting until "load"


      2 |
      3 | test('Login Test - Practice Expand Testing', async ({page}) => {
    > 4 |     await page.goto('https://practice.expandtesting.com/login', { timeout: 60000 })
        |                ^
      5 |     await page.locator('#username').fill('practice')
      6 |     await page.fill('#password', 'SuperSecretPassword!')
      7 |     await page.click('.btn-primary')
        at C:\PlaywrightTrainingAscendion\tests\Practice2.spec.js:4:16

    Error Context: ..\test-results\Practice2-Login-Test---Practice-Expand-Testing-firefox\error-context.md
]]>
</failure>
<system-out>
<![CDATA[
[[ATTACHMENT|test-results\Practice2-Login-Test---Practice-Expand-Testing-firefox\error-context.md]]
]]>
</system-out>
</testcase>
<testcase name="Checking Browser Title and URL - Practice Expand Testing" classname="Practice2.spec.js" time="33.807">
<failure message="Practice2.spec.js:10:5 Checking Browser Title and URL - Practice Expand Testing" type="FAILURE">
<![CDATA[  [firefox] › Practice2.spec.js:10:5 › Checking Browser Title and URL - Practice Expand Testing ────

    Test timeout of 30000ms exceeded.

    Error: page.goto: Test timeout of 30000ms exceeded.
    Call log:
      - navigating to "https://practice.expandtesting.com/login", waiting until "load"


      10 | test('Checking Browser Title and URL - Practice Expand Testing', async({page})=>{
      11 |
    > 12 |     await page.goto('https://practice.expandtesting.com/login', { timeout: 60000 })
         |                ^
      13 |
      14 |     //Assertions
      15 |     await expect(page).toHaveTitle('Test Login Page for Automation Testing Practice')
        at C:\PlaywrightTrainingAscendion\tests\Practice2.spec.js:12:16

    Error Context: ..\test-results\Practice2-Checking-Browser-6d0c6-L---Practice-Expand-Testing-firefox\error-context.md
]]>
</failure>
<system-out>
<![CDATA[
[[ATTACHMENT|test-results\Practice2-Checking-Browser-6d0c6-L---Practice-Expand-Testing-firefox\error-context.md]]
]]>
</system-out>
</testcase>
<testcase name="Login Test - Practice Test Automation" classname="Practice2.spec.js" time="6.695">
</testcase>
<testcase name="Checking Browser Title and URL - Practice Test Automation" classname="Practice2.spec.js" time="8.499">
</testcase>
</testsuite>
<testsuite name="RadioButtonCount.spec.js" timestamp="2025-05-20T22:39:48.799Z" hostname="firefox" tests="2" failures="2" skipped="0" time="60.917" errors="0">
<testcase name="radio button count 1" classname="RadioButtonCount.spec.js" time="30.323">
<failure message="RadioButtonCount.spec.js:3:5 radio button count 1" type="FAILURE">
<![CDATA[  [firefox] › RadioButtonCount.spec.js:3:5 › radio button count 1 ──────────────────────────────────

    Test timeout of 30000ms exceeded.

    Error: page.goto: Test timeout of 30000ms exceeded.
    Call log:
      - navigating to "https://testautomationpractice.blogspot.com/#", waiting until "load"


      2 |
      3 | test('radio button count 1', async({page}) => {
    > 4 |     await page.goto('https://testautomationpractice.blogspot.com/#')
        |                ^
      5 |    
      6 |     const radios = await page.$$('input[type="radio"]')
      7 |     console.log(`Radio Button Count: ${radios.length}`)
        at C:\PlaywrightTrainingAscendion\tests\RadioButtonCount.spec.js:4:16

    Error Context: ..\test-results\RadioButtonCount-radio-button-count-1-firefox\error-context.md
]]>
</failure>
<system-out>
<![CDATA[
[[ATTACHMENT|test-results\RadioButtonCount-radio-button-count-1-firefox\error-context.md]]
]]>
</system-out>
</testcase>
<testcase name="radio button count 2" classname="RadioButtonCount.spec.js" time="30.594">
<failure message="RadioButtonCount.spec.js:13:5 radio button count 2" type="FAILURE">
<![CDATA[  [firefox] › RadioButtonCount.spec.js:13:5 › radio button count 2 ─────────────────────────────────

    Test timeout of 30000ms exceeded.

    Error: page.goto: Test timeout of 30000ms exceeded.
    Call log:
      - navigating to "https://www.facebook.com/r.php?entry_point=login", waiting until "load"


      12 |
      13 | test('radio button count 2', async({page}) => {
    > 14 |     await page.goto('https://www.facebook.com/r.php?entry_point=login')
         |                ^
      15 |    
      16 |     const radios = await page.$$('input[type="radio"]')
      17 |     console.log(`Radio Button Count: ${radios.length}`)
        at C:\PlaywrightTrainingAscendion\tests\RadioButtonCount.spec.js:14:16

    Error Context: ..\test-results\RadioButtonCount-radio-button-count-2-firefox\error-context.md
]]>
</failure>
<system-out>
<![CDATA[
[[ATTACHMENT|test-results\RadioButtonCount-radio-button-count-2-firefox\error-context.md]]
]]>
</system-out>
</testcase>
</testsuite>
<testsuite name="RadioButtonDemo.spec.js" timestamp="2025-05-20T22:39:48.799Z" hostname="firefox" tests="1" failures="1" skipped="0" time="33.086" errors="0">
<testcase name="Radio Button Test" classname="RadioButtonDemo.spec.js" time="33.086">
<failure message="RadioButtonDemo.spec.js:3:5 Radio Button Test" type="FAILURE">
<![CDATA[  [firefox] › RadioButtonDemo.spec.js:3:5 › Radio Button Test ──────────────────────────────────────

    Test timeout of 30000ms exceeded.

    Error: page.goto: Test timeout of 30000ms exceeded.
    Call log:
      - navigating to "https://demo.nopcommerce.com/register", waiting until "load"


      2 |
      3 | test('Radio Button Test', async({page}) => {
    > 4 |     await page.goto('https://demo.nopcommerce.com/register')
        |                ^
      5 |
      6 |     await page.locator('#gender-male').check()
      7 |     await page.waitForTimeout(5000)
        at C:\PlaywrightTrainingAscendion\tests\RadioButtonDemo.spec.js:4:16

    Error Context: ..\test-results\RadioButtonDemo-Radio-Button-Test-firefox\error-context.md
]]>
</failure>
<system-out>
<![CDATA[
[[ATTACHMENT|test-results\RadioButtonDemo-Radio-Button-Test-firefox\error-context.md]]
]]>
</system-out>
</testcase>
</testsuite>
<testsuite name="ReddifAlerts.spec.js" timestamp="2025-05-20T22:39:48.799Z" hostname="firefox" tests="2" failures="0" skipped="0" time="16.129" errors="0">
<testcase name="Reddif Login - Password Alert" classname="ReddifAlerts.spec.js" time="9.985">
<system-out>
<![CDATA[Leaving password empty shows alert: Please enter your password
]]>
</system-out>
</testcase>
<testcase name="Reddif Login - Username Alert" classname="ReddifAlerts.spec.js" time="6.144">
<system-out>
<![CDATA[Leaving username empty shows alert: Please enter a valid user name
]]>
</system-out>
</testcase>
</testsuite>
<testsuite name="Reports.spec.js" timestamp="2025-05-20T22:39:48.799Z" hostname="firefox" tests="3" failures="1" skipped="0" time="50.431" errors="0">
<testcase name="Test1" classname="Reports.spec.js" time="8.544">
</testcase>
<testcase name="Test2" classname="Reports.spec.js" time="11.017">
</testcase>
<testcase name="Test3" classname="Reports.spec.js" time="30.87">
<failure message="Reports.spec.js:13:5 Test3" type="FAILURE">
<![CDATA[  [firefox] › Reports.spec.js:13:5 › Test3 ─────────────────────────────────────────────────────────

    Test timeout of 30000ms exceeded.

    Error: page.goto: Test timeout of 30000ms exceeded.
    Call log:
      - navigating to "https://testautomationpractice.blogspot.com/#", waiting until "load"


      12 | })
      13 | test('Test3',  async ({ page }) => {
    > 14 |     await page.goto('https://testautomationpractice.blogspot.com/#')
         |                ^
      15 |     await expect(page).toHaveTitle('Automation Testing Practice')
      16 |     await page.close()
      17 | })
        at C:\PlaywrightTrainingAscendion\tests\Reports.spec.js:14:16

    Error Context: ..\test-results\Reports-Test3-firefox\error-context.md
]]>
</failure>
<system-out>
<![CDATA[
[[ATTACHMENT|test-results\Reports-Test3-firefox\error-context.md]]
]]>
</system-out>
</testcase>
</testsuite>
<testsuite name="Screenshots.spec.js" timestamp="2025-05-20T22:39:48.799Z" hostname="firefox" tests="3" failures="0" skipped="0" time="38.186" errors="0">
<testcase name="Page screenshot" classname="Screenshots.spec.js" time="7.955">
</testcase>
<testcase name="Full page screenshot" classname="Screenshots.spec.js" time="23.782">
</testcase>
<testcase name="Element screenshot" classname="Screenshots.spec.js" time="6.449">
</testcase>
</testsuite>
<testsuite name="YoutubeScreenshot.spec.js" timestamp="2025-05-20T22:39:48.799Z" hostname="firefox" tests="3" failures="2" skipped="0" time="89.641" errors="0">
<testcase name="YPage screenshot" classname="YoutubeScreenshot.spec.js" time="33.402">
<failure message="YoutubeScreenshot.spec.js:3:5 YPage screenshot" type="FAILURE">
<![CDATA[  [firefox] › YoutubeScreenshot.spec.js:3:5 › YPage screenshot ─────────────────────────────────────

    Test timeout of 30000ms exceeded.

    Error: page.goto: Test timeout of 30000ms exceeded.
    Call log:
      - navigating to "https://www.youtube.com/@testerstalk", waiting until "load"


      2 |
      3 | test('YPage screenshot', async ({ page }) => {
    > 4 |   await page.goto('https://www.youtube.com/@testerstalk')
        |              ^
      5 |   await page.screenshot({ path: 'screenshots/' + Date.now() + 'YHomepage.png' })
      6 | })
      7 |
        at C:\PlaywrightTrainingAscendion\tests\YoutubeScreenshot.spec.js:4:14

    Error Context: ..\test-results\YoutubeScreenshot-YPage-screenshot-firefox\error-context.md
]]>
</failure>
<system-out>
<![CDATA[
[[ATTACHMENT|test-results\YoutubeScreenshot-YPage-screenshot-firefox\error-context.md]]
]]>
</system-out>
</testcase>
<testcase name="YFull page screenshot" classname="YoutubeScreenshot.spec.js" time="23.328">
</testcase>
<testcase name="YElement screenshot" classname="YoutubeScreenshot.spec.js" time="32.911">
<failure message="YoutubeScreenshot.spec.js:13:5 YElement screenshot" type="FAILURE">
<![CDATA[  [firefox] › YoutubeScreenshot.spec.js:13:5 › YElement screenshot ─────────────────────────────────

    Test timeout of 30000ms exceeded.

    Error: locator.screenshot: Test timeout of 30000ms exceeded.
    Call log:
      - taking element screenshot
      - waiting for fonts to load...
      - fonts loaded
      - attempting scroll into view action
        - waiting for element to be stable


      13 | test('YElement screenshot', async ({ page }) => {
      14 |   await page.goto('https://www.youtube.com/@testerstalk')
    > 15 |   await page.locator('//*[@id="page-header"]/yt-page-header-renderer/yt-page-header-view-model/div/div[1]').screenshot({ path: 'screenshots/' + Date.now() + 'YElement.png' })
         |                                                                                                             ^
      16 | })
        at C:\PlaywrightTrainingAscendion\tests\YoutubeScreenshot.spec.js:15:109
]]>
</failure>
</testcase>
</testsuite>
<testsuite name="00_HomePage.spec.js" timestamp="2025-05-20T22:39:48.799Z" hostname="webkit" tests="2" failures="1" skipped="0" time="36.517" errors="0">
<testcase name="Checking Browser Title" classname="00_HomePage.spec.js" time="5.724">
<system-out>
<![CDATA[Page Title is ..... :  STORE
]]>
</system-out>
</testcase>
<testcase name="Checking Browser URL" classname="00_HomePage.spec.js" time="30.793">
<failure message="00_HomePage.spec.js:14:1 Checking Browser URL" type="FAILURE">
<![CDATA[  [webkit] › 00_HomePage.spec.js:14:1 › Checking Browser URL ───────────────────────────────────────

    Test timeout of 30000ms exceeded.

    Error: page.goto: Test timeout of 30000ms exceeded.
    Call log:
      - navigating to "https://www.hollandandbarrett.com/", waiting until "load"


      13 |
      14 | test('Checking Browser URL', async({page}) => {
    > 15 |     await page.goto('https://www.hollandandbarrett.com/')
         |                ^
      16 |     const pageURL = await page.url()
      17 |     console.log('Page URL is ..... : ', pageURL)
      18 |
        at C:\PlaywrightTrainingAscendion\tests\00_HomePage.spec.js:15:16

    Error Context: ..\test-results\00_HomePage-Checking-Browser-URL-webkit\error-context.md
]]>
</failure>
<system-out>
<![CDATA[
[[ATTACHMENT|test-results\00_HomePage-Checking-Browser-URL-webkit\error-context.md]]
]]>
</system-out>
</testcase>
</testsuite>
<testsuite name="00_Practice.spec.js" timestamp="2025-05-20T22:39:48.799Z" hostname="webkit" tests="2" failures="0" skipped="0" time="13.04" errors="0">
<testcase name="Checking Browser Title" classname="00_Practice.spec.js" time="5.93">
<system-out>
<![CDATA[Page Title is ..... :  WordPress Themes & Website Templates from ThemeForest
]]>
</system-out>
</testcase>
<testcase name="Checking Browser URL" classname="00_Practice.spec.js" time="7.11">
<system-out>
<![CDATA[Page URL is ..... :  https://themeforest.net/
]]>
</system-out>
</testcase>
</testsuite>
<testsuite name="Assertions.spec.js" timestamp="2025-05-20T22:39:48.799Z" hostname="webkit" tests="1" failures="0" skipped="0" time="7.673" errors="0">
<testcase name="Assertion Test" classname="Assertions.spec.js" time="7.673">
</testcase>
</testsuite>
<testsuite name="AutoSuggestDropdown.spec.js" timestamp="2025-05-20T22:39:48.799Z" hostname="webkit" tests="1" failures="0" skipped="0" time="16.712" errors="0">
<testcase name="AutoSuggest DropDown - Google Search" classname="AutoSuggestDropdown.spec.js" time="16.712">
<system-out>
<![CDATA[text:  playwright
text:  playwright automation
text:  playwright tutorial
]]>
</system-out>
</testcase>
</testsuite>
<testsuite name="BootstrapDropdown.spec.js" timestamp="2025-05-20T22:39:48.799Z" hostname="webkit" tests="1" failures="0" skipped="0" time="18.228" errors="0">
<testcase name="Bootstrap Dropdown Test" classname="BootstrapDropdown.spec.js" time="18.228">
<system-out>
<![CDATA[ Web Development
 jQuery
 Bootstrap
 HTML
 CSS
 Angular
 Programming Languages
 Java
 C#
 Python
 Databases
 MySQL
 Oracle
 MS SQL Server
 Web Development
 jQuery
 Bootstrap
 HTML
 CSS
 Angular
 Programming Languages
 Java
 C#
 Python
 Databases
 MySQL
 Oracle
 MS SQL Server
]]>
</system-out>
</testcase>
</testsuite>
<testsuite name="BuiltinLocators.spec.js" timestamp="2025-05-20T22:39:48.799Z" hostname="webkit" tests="1" failures="0" skipped="0" time="18.371" errors="0">
<testcase name="Builtin Locators Test" classname="BuiltinLocators.spec.js" time="18.371">
</testcase>
</testsuite>
<testsuite name="BuiltinPractice.spec.js" timestamp="2025-05-20T22:39:48.799Z" hostname="webkit" tests="1" failures="1" skipped="0" time="35.072" errors="0">
<testcase name="Opencart Resgister" classname="BuiltinPractice.spec.js" time="35.072">
<failure message="BuiltinPractice.spec.js:3:5 Opencart Resgister" type="FAILURE">
<![CDATA[  [webkit] › BuiltinPractice.spec.js:3:5 › Opencart Resgister ──────────────────────────────────────

    Test timeout of 30000ms exceeded.

    Error: locator.fill: Target page, context or browser has been closed

       8 |
       9 |
    > 10 |     await page.getByPlaceholder('First name').fill('F')
         |                                               ^
      11 |     await page.getByPlaceholder('Last name').fill('H')
      12 |     await page.getByPlaceholder('Email').fill('fhgggg@gmail.com')
      13 |     await page.getByPlaceholder('Password').fill('Fh@12345')
        at C:\PlaywrightTrainingAscendion\tests\BuiltinPractice.spec.js:10:47
]]>
</failure>
</testcase>
</testsuite>
<testsuite name="Checkboxes.spec.js" timestamp="2025-05-20T22:39:48.799Z" hostname="webkit" tests="1" failures="0" skipped="0" time="29.064" errors="0">
<testcase name="Checkboxes – In Playwright" classname="Checkboxes.spec.js" time="29.064">
</testcase>
</testsuite>
<testsuite name="DropdownsTest.spec.js" timestamp="2025-05-20T22:39:48.799Z" hostname="webkit" tests="1" failures="0" skipped="0" time="8.841" errors="0">
<testcase name="Dropdown Test" classname="DropdownsTest.spec.js" time="8.841">
<system-out>
<![CDATA[
        United States
      

        Canada
      

        United Kingdom
      

        Germany
      

        France
      

        Australia
      

        Japan
      

        China
      

        Brazil
      

        India
      
]]>
</system-out>
</testcase>
</testsuite>
<testsuite name="EasyCalculation.spec.js" timestamp="2025-05-20T22:39:48.799Z" hostname="webkit" tests="1" failures="1" skipped="0" time="60.194" errors="0">
<testcase name="Easy Calculation Test" classname="EasyCalculation.spec.js" time="60.194">
<failure message="EasyCalculation.spec.js:6:5 Easy Calculation Test" type="FAILURE">
<![CDATA[  [webkit] › EasyCalculation.spec.js:6:5 › Easy Calculation Test ───────────────────────────────────

    Test timeout of 60000ms exceeded.

    Error: page.waitForSelector: Test timeout of 60000ms exceeded.
    Call log:
      - waiting for locator('//*[@id="rso"]/div[1]/div/div/div/div/div/div/div/div[1]/div/span/a/h3') to be visible


      24 |     // }
      25 |
    > 26 |     const firstLink = await page.waitForSelector('//*[@id="rso"]/div[1]/div/div/div/div/div/div/div/div[1]/div/span/a/h3');
         |                                  ^
      27 |     await firstLink.click();
      28 |
      29 |     const searchBox = await page.locator('#googleSearchId');
        at C:\PlaywrightTrainingAscendion\tests\EasyCalculation.spec.js:26:34

    Error Context: ..\test-results\EasyCalculation-Easy-Calculation-Test-webkit\error-context.md
]]>
</failure>
<system-out>
<![CDATA[[33m3[39m

[[ATTACHMENT|test-results\EasyCalculation-Easy-Calculation-Test-webkit\error-context.md]]
]]>
</system-out>
</testcase>
</testsuite>
<testsuite name="example.spec.js" timestamp="2025-05-20T22:39:48.799Z" hostname="webkit" tests="2" failures="0" skipped="0" time="5.356" errors="0">
<testcase name="has title" classname="example.spec.js" time="2.03">
</testcase>
<testcase name="get started link" classname="example.spec.js" time="3.326">
</testcase>
</testsuite>
<testsuite name="FBDropdowns.spec.js" timestamp="2025-05-20T22:39:48.799Z" hostname="webkit" tests="1" failures="0" skipped="0" time="13.149" errors="0">
<testcase name="Dropdown FB Test" classname="FBDropdowns.spec.js" time="13.149">
<system-out>
<![CDATA[[33m31[39m
1
2
3
4
5
6
7
8
9
10
11
12
13
14
15
16
17
18
19
20
21
22
23
24
25
26
27
28
29
30
31
[33m12[39m
Jan
Feb
Mar
Apr
May
Jun
Jul
Aug
Sep
Oct
Nov
Dec
[33m121[39m
2025
2024
2023
2022
2021
2020
2019
2018
2017
2016
2015
2014
2013
2012
2011
2010
2009
2008
2007
2006
2005
2004
2003
2002
2001
2000
1999
1998
1997
1996
1995
1994
1993
1992
1991
1990
1989
1988
1987
1986
1985
1984
1983
1982
1981
1980
1979
1978
1977
1976
1975
1974
1973
1972
1971
1970
1969
1968
1967
1966
1965
1964
1963
1962
1961
1960
1959
1958
1957
1956
1955
1954
1953
1952
1951
1950
1949
1948
1947
1946
1945
1944
1943
1942
1941
1940
1939
1938
1937
1936
1935
1934
1933
1932
1931
1930
1929
1928
1927
1926
1925
1924
1923
1922
1921
1920
1919
1918
1917
1916
1915
1914
1913
1912
1911
1910
1909
1908
1907
1906
1905
]]>
</system-out>
</testcase>
</testsuite>
<testsuite name="HiddenDropdown.spec.js" timestamp="2025-05-20T22:39:48.799Z" hostname="webkit" tests="1" failures="0" skipped="0" time="20.237" errors="0">
<testcase name="Hidden Dropdown Test" classname="HiddenDropdown.spec.js" time="20.237">
<system-out>
<![CDATA[text:  Account Assistant
text:  Automaton Tester
text:  Chief Executive Officer
text:  Chief Financial Officer
text:  Chief Technical Officer
text:  Content Specialist
text:  Customer Success Manager
text:  Database Administrator
text:  fhMaCjFWis
text:  Finance Manager
text:  Financial Analyst
text:  Head of Support
text:  HR Associate
text:  HR Manager
text:  IT Manager
text:  Network Administrator
text:  Payroll Administrator
text:  Pre-Sales Coordinator
text:  QA Engineer
text:  QA Lead
text:  qwer
text:  rsjsrii
text:  Sales Representative
text:  Social Media Marketer
text:  Software Architect
text:  Software Engineer
text:  Support Specialist
text:  VP - Client Services
text:  VP - Sales & Marketing
]]>
</system-out>
</testcase>
</testsuite>
<testsuite name="iFrameTestDemo.spec.js" timestamp="2025-05-20T22:39:48.799Z" hostname="webkit" tests="1" failures="1" skipped="0" time="30.186" errors="0">
<testcase name="Handle iframes in Playwright - Drag &amp; Drop" classname="iFrameTestDemo.spec.js" time="30.186">
<failure message="iFrameTestDemo.spec.js:3:5 Handle iframes in Playwright - Drag &amp; Drop" type="FAILURE">
<![CDATA[  [webkit] › iFrameTestDemo.spec.js:3:5 › Handle iframes in Playwright - Drag & Drop ───────────────

    Test timeout of 30000ms exceeded.

    Error: page.goto: Test timeout of 30000ms exceeded.
    Call log:
      - navigating to "https://jqueryui.com/droppable/", waiting until "load"


      2 |
      3 | test('Handle iframes in Playwright - Drag & Drop', async({page}) => {
    > 4 |     await page.goto('https://jqueryui.com/droppable/')
        |                ^
      5 |
      6 |     //iframe
      7 |     const iframeElement = page.frameLocator('.demo-frame')
        at C:\PlaywrightTrainingAscendion\tests\iFrameTestDemo.spec.js:4:16

    Error Context: ..\test-results\iFrameTestDemo-Handle-iframes-in-Playwright---Drag-Drop-webkit\error-context.md
]]>
</failure>
<system-out>
<![CDATA[
[[ATTACHMENT|test-results\iFrameTestDemo-Handle-iframes-in-Playwright---Drag-Drop-webkit\error-context.md]]
]]>
</system-out>
</testcase>
</testsuite>
<testsuite name="LinksAndProductsTest.spec.js" timestamp="2025-05-20T22:39:48.799Z" hostname="webkit" tests="2" failures="0" skipped="0" time="15.446" errors="0">
<testcase name="Links and Products Test" classname="LinksAndProductsTest.spec.js" time="11.133">
<system-out>
<![CDATA[Samsung galaxy s6
Nokia lumia 1520
Nexus 6
Samsung galaxy s7
Iphone 6 32gb
Sony xperia z5
HTC One M9
Sony vaio i5
]]>
</system-out>
</testcase>
<testcase name="Links Test" classname="LinksAndProductsTest.spec.js" time="4.313">
<system-out>
<![CDATA[
      PRODUCT STORE
Home (current)
Contact
About us
Cart
Log in
Log out

Sign up

          
          Previous
        

          
          Next
        
CATEGORIES
Phones
Laptops
Monitors
]]>
</system-out>
</testcase>
</testsuite>
<testsuite name="MultiSelectDropdown.spec.js" timestamp="2025-05-20T22:39:48.799Z" hostname="webkit" tests="1" failures="0" skipped="0" time="8.126" errors="0">
<testcase name="Multi Select Dropdown Test" classname="MultiSelectDropdown.spec.js" time="8.126">
<system-out>
<![CDATA[
        Red
      

        Blue
      

        Green
      

        Yellow
      
]]>
</system-out>
</testcase>
</testsuite>
<testsuite name="PlaywrightLocatorsTest.spec.js" timestamp="2025-05-20T22:39:48.799Z" hostname="webkit" tests="1" failures="0" skipped="0" time="10.015" errors="0">
<testcase name="Playwright Locators Test" classname="PlaywrightLocatorsTest.spec.js" time="10.015">
</testcase>
</testsuite>
<testsuite name="PopupAlerts.spec.js" timestamp="2025-05-20T22:39:48.799Z" hostname="webkit" tests="3" failures="0" skipped="0" time="16.08" errors="0">
<testcase name="JavaScript Alert, Confirm, Prompt in Playwright › JS Alert – validate alert text and click OK" classname="PopupAlerts.spec.js" time="6.421">
</testcase>
<testcase name="JavaScript Alert, Confirm, Prompt in Playwright › JS Confirm – click Cancel and verify result" classname="PopupAlerts.spec.js" time="4.678">
</testcase>
<testcase name="JavaScript Alert, Confirm, Prompt in Playwright › JS Prompt – enter text, click OK, and validate" classname="PopupAlerts.spec.js" time="4.981">
</testcase>
</testsuite>
<testsuite name="PopupsDemo.spec.js" timestamp="2025-05-20T22:39:48.799Z" hostname="webkit" tests="1" failures="0" skipped="0" time="9.579" errors="0">
<testcase name="PopUps Demo Playwright" classname="PopupsDemo.spec.js" time="9.579">
<system-out>
<![CDATA[clicking "OK" to Are you sure you want to clear your cart?
items in cart: null
]]>
</system-out>
</testcase>
</testsuite>
<testsuite name="Practice2.spec.js" timestamp="2025-05-20T22:39:48.799Z" hostname="webkit" tests="4" failures="2" skipped="0" time="71.016" errors="0">
<testcase name="Login Test - Practice Expand Testing" classname="Practice2.spec.js" time="30.31">
<failure message="Practice2.spec.js:3:5 Login Test - Practice Expand Testing" type="FAILURE">
<![CDATA[  [webkit] › Practice2.spec.js:3:5 › Login Test - Practice Expand Testing ──────────────────────────

    Test timeout of 30000ms exceeded.

    Error: page.goto: Test timeout of 30000ms exceeded.
    Call log:
      - navigating to "https://practice.expandtesting.com/login", waiting until "load"


      2 |
      3 | test('Login Test - Practice Expand Testing', async ({page}) => {
    > 4 |     await page.goto('https://practice.expandtesting.com/login', { timeout: 60000 })
        |                ^
      5 |     await page.locator('#username').fill('practice')
      6 |     await page.fill('#password', 'SuperSecretPassword!')
      7 |     await page.click('.btn-primary')
        at C:\PlaywrightTrainingAscendion\tests\Practice2.spec.js:4:16

    Error Context: ..\test-results\Practice2-Login-Test---Practice-Expand-Testing-webkit\error-context.md
]]>
</failure>
<system-out>
<![CDATA[
[[ATTACHMENT|test-results\Practice2-Login-Test---Practice-Expand-Testing-webkit\error-context.md]]
]]>
</system-out>
</testcase>
<testcase name="Checking Browser Title and URL - Practice Expand Testing" classname="Practice2.spec.js" time="30.607">
<failure message="Practice2.spec.js:10:5 Checking Browser Title and URL - Practice Expand Testing" type="FAILURE">
<![CDATA[  [webkit] › Practice2.spec.js:10:5 › Checking Browser Title and URL - Practice Expand Testing ─────

    Test timeout of 30000ms exceeded.

    Error: page.goto: Test timeout of 30000ms exceeded.
    Call log:
      - navigating to "https://practice.expandtesting.com/login", waiting until "load"


      10 | test('Checking Browser Title and URL - Practice Expand Testing', async({page})=>{
      11 |
    > 12 |     await page.goto('https://practice.expandtesting.com/login', { timeout: 60000 })
         |                ^
      13 |
      14 |     //Assertions
      15 |     await expect(page).toHaveTitle('Test Login Page for Automation Testing Practice')
        at C:\PlaywrightTrainingAscendion\tests\Practice2.spec.js:12:16

    Error Context: ..\test-results\Practice2-Checking-Browser-6d0c6-L---Practice-Expand-Testing-webkit\error-context.md
]]>
</failure>
<system-out>
<![CDATA[
[[ATTACHMENT|test-results\Practice2-Checking-Browser-6d0c6-L---Practice-Expand-Testing-webkit\error-context.md]]
]]>
</system-out>
</testcase>
<testcase name="Login Test - Practice Test Automation" classname="Practice2.spec.js" time="7.081">
</testcase>
<testcase name="Checking Browser Title and URL - Practice Test Automation" classname="Practice2.spec.js" time="3.018">
</testcase>
</testsuite>
<testsuite name="RadioButtonCount.spec.js" timestamp="2025-05-20T22:39:48.799Z" hostname="webkit" tests="2" failures="0" skipped="0" time="12.522" errors="0">
<testcase name="radio button count 1" classname="RadioButtonCount.spec.js" time="5.871">
<system-out>
<![CDATA[Radio Button Count: 2
]]>
</system-out>
</testcase>
<testcase name="radio button count 2" classname="RadioButtonCount.spec.js" time="6.651">
<system-out>
<![CDATA[Radio Button Count: 3
]]>
</system-out>
</testcase>
</testsuite>
<testsuite name="RadioButtonDemo.spec.js" timestamp="2025-05-20T22:39:48.799Z" hostname="webkit" tests="1" failures="0" skipped="0" time="9.581" errors="0">
<testcase name="Radio Button Test" classname="RadioButtonDemo.spec.js" time="9.581">
</testcase>
</testsuite>
<testsuite name="ReddifAlerts.spec.js" timestamp="2025-05-20T22:39:48.799Z" hostname="webkit" tests="2" failures="0" skipped="0" time="9.981" errors="0">
<testcase name="Reddif Login - Password Alert" classname="ReddifAlerts.spec.js" time="5.953">
<system-out>
<![CDATA[Leaving password empty shows alert: Please enter your password
]]>
</system-out>
</testcase>
<testcase name="Reddif Login - Username Alert" classname="ReddifAlerts.spec.js" time="4.028">
<system-out>
<![CDATA[Leaving username empty shows alert: Please enter a valid user name
]]>
</system-out>
</testcase>
</testsuite>
<testsuite name="Reports.spec.js" timestamp="2025-05-20T22:39:48.799Z" hostname="webkit" tests="3" failures="0" skipped="0" time="17.063" errors="0">
<testcase name="Test1" classname="Reports.spec.js" time="6.627">
</testcase>
<testcase name="Test2" classname="Reports.spec.js" time="6.446">
</testcase>
<testcase name="Test3" classname="Reports.spec.js" time="3.99">
</testcase>
</testsuite>
<testsuite name="Screenshots.spec.js" timestamp="2025-05-20T22:39:48.799Z" hostname="webkit" tests="3" failures="0" skipped="0" time="14.313" errors="0">
<testcase name="Page screenshot" classname="Screenshots.spec.js" time="3.916">
</testcase>
<testcase name="Full page screenshot" classname="Screenshots.spec.js" time="4.567">
</testcase>
<testcase name="Element screenshot" classname="Screenshots.spec.js" time="5.83">
</testcase>
</testsuite>
<testsuite name="YoutubeScreenshot.spec.js" timestamp="2025-05-20T22:39:48.799Z" hostname="webkit" tests="3" failures="0" skipped="0" time="68.518" errors="0">
<testcase name="YPage screenshot" classname="YoutubeScreenshot.spec.js" time="24.196">
</testcase>
<testcase name="YFull page screenshot" classname="YoutubeScreenshot.spec.js" time="21.547">
</testcase>
<testcase name="YElement screenshot" classname="YoutubeScreenshot.spec.js" time="22.775">
</testcase>
</testsuite>
</testsuites>